Building tracker with 49 total tracers.
Building profiler with 49 total tracers.
Building MaxTracker
Installing signal handler
=== Original EnigMap cold-map experiment ===
env=large trusted_kb=8192 page_us=8 data_val=0
     profile  logN                          config     meas_us    model_us    spd_m  spd_mod    hit%
logN=20 EnigMap backend=4.50 GiB required
logN=20 stage=data_generation sec=0.150
logN=20 stage=flat_bulk_setup sec=2.045
logN=20 stage=flat_queries sec=0.712
logN=20 stage=packed_FO_setup sec=1.642
logN=20 stage=packed_FO_queries sec=0.816
logN=20 stage=packed_TM_setup sec=1.605
logN=20 stage=packed_TM_queries sec=0.394
       large    20           flat_original_enigmap      3559.7      3559.7     1.00     1.00       -
       large    20      packed_FO_original_enigmap      3911.9      3911.9     0.91     0.91      54
       large    20      packed_TM_original_enigmap      1804.1      1804.1     1.97     1.97      54
  -> /root/tieredomap_runs/tee_original_enigmap_n1024_s10_20260608_231901/256B_map/log20/tee_original_enigmap.csv
TimeTracker::Log:
