Building tracker with 49 total tracers.
Building profiler with 49 total tracers.
Building MaxTracker
Installing signal handler
=== Original EnigMap cold-map experiment ===
env=large trusted_kb=8192 page_us=8 data_val=0
     profile  logN                          config     meas_us    model_us    spd_m  spd_mod    hit%
logN=16 EnigMap backend=0.28 GiB required
logN=16 stage=data_generation sec=0.010
logN=16 stage=flat_bulk_setup sec=0.131
logN=16 stage=flat_queries sec=0.438
logN=16 stage=packed_FO_setup sec=0.098
logN=16 stage=packed_FO_queries sec=0.508
logN=16 stage=packed_TM_setup sec=0.096
logN=16 stage=packed_TM_queries sec=0.190
       large    16           flat_original_enigmap      2190.0      2190.0     1.00     1.00       -
       large    16      packed_FO_original_enigmap      2530.0      2530.0     0.87     0.87      68
       large    16      packed_TM_original_enigmap       939.7       939.6     2.33     2.33      68
  -> /root/tieredomap_runs/tee_original_enigmap_n1024_s10_20260608_231901/256B_map/log16/tee_original_enigmap.csv
TimeTracker::Log:
