Gramine is starting. Parsing TOML manifest file, this may take some time...
-----------------------------------------------------------------------------------------------------------------------
Gramine detected the following insecure configurations:

  - sys.insecure__allow_eventfd = true         (host-based eventfd is enabled)
  - sgx.allowed_files = [ ... ]                (some files are passed through from untrusted host without verification)

Gramine will continue application execution, but this configuration must not be used in production!
-----------------------------------------------------------------------------------------------------------------------

=== TEE Benchmark ===
  logN=14..24  n=1024  val=256  Q=200  s=1  outdir=/root/TieredOMap/tee_results_sgx

=== TEE Full Benchmark ===
  logN        config    hot_us   cold_us  total_us    hit%  enclave_KB

--- logN=14 N=16384 n=1024 ---
    14      flat_avl   53584.4   53584.4   53584.4       -        1891
    14     packed_FO     390.7   49595.4   49580.8      76        1936
    14     packed_TM     383.9   49202.0   12588.5      75         512

--- logN=16 N=65536 n=1024 ---
    16      flat_avl   83105.9   83105.9   83105.9       -        2798
    16     packed_FO     395.3   75582.5   75601.7      70        2757
    16     packed_TM     388.7   75140.6   27299.4      64        1014

--- logN=18 N=262144 n=1024 ---
    18      flat_avl  117647.8  117647.8  117647.8       -        3765
    18     packed_FO     396.8  106786.3  106736.9      62        3634
    18     packed_TM     392.9  106303.2   46463.9      56        1601

--- logN=20 N=1048576 n=1024 ---
    20      flat_avl  164843.0  164843.0  164843.0       -        5011
    20     packed_FO     411.4  151685.3  151642.6      56        4784
    20     packed_TM     395.9  151052.3   75724.1      50        2411

--- logN=22 N=4194304 n=1024 ---
    22      flat_avl  228814.2  228814.2  228814.2       -        6430
    22     packed_FO     457.7  208980.2  208912.4      54        6092
    22     packed_TM     396.1  208111.4  113601.0      46        3341
terminate called after throwing an instance of 'std::bad_alloc'
  what():  std::bad_alloc
