Building tracker with 49 total tracers.
Building profiler with 49 total tracers.
Building MaxTracker
Installing signal handler
=== Original EnigMap cold-map experiment ===
env=large trusted_kb=8192 page_us=8 data_val=4096
     profile  logN                          config     meas_us    model_us    spd_m  spd_mod    hit%
logN=16 EnigMap backend=0.28 GiB required
logN=16 stage=data_generation sec=0.005
[tee_data_oram] cache saved: "/root/tieredomap_runs/tee_original_enigmap_n1024_s10_20260608_231901/data_oram_cache/pathoram-v1-N65536-bs4-vs4096"
logN=16 stage=data_oram_setup_or_load sec=1.434
logN=16 stage=flat_bulk_setup sec=0.119
logN=16 stage=flat_queries sec=0.479
logN=16 stage=packed_FO_setup sec=0.085
logN=16 stage=packed_FO_queries sec=0.509
logN=16 stage=packed_TM_setup sec=0.084
logN=16 stage=packed_TM_queries sec=0.180
       large    16           flat_original_enigmap      2394.6      2394.6     1.00     1.00       -
       large    16      packed_FO_original_enigmap      2534.4      2534.4     0.94     0.94      68
       large    16      packed_TM_original_enigmap       891.8       891.8     2.69     2.69      68
  -> /root/tieredomap_runs/tee_original_enigmap_n1024_s10_20260608_231901/4KB_full_query/log16/tee_original_enigmap.csv
TimeTracker::Log:
