Table 2 client/server FO run
  Q=1024 warmup=0 value_size=4096 rtt_ms=28.87
  recv_timeout=7200
  host=127.0.0.1 port=12345
  backends=AVL
  logNs=24
  outdir=/root/tieredomap_runs/results/table2_client_fo_20260606_212627

==== 2026-06-06 23:51:42 backend=AVL logN=24 ====
               total        used        free      shared  buff/cache   available
Mem:           121Gi       1.8Gi        41Gi       2.0Mi        78Gi       117Gi
Swap:             0B          0B          0B
Filesystem      Size  Used Avail Use% Mounted on
/dev/vda3      1008G  118G  850G  13% /
Connected to ORAM server at 127.0.0.1:12345
TieredOMap Paper Experiments
  exp=client_fo  Q=1024  s=1  n=1024  max_logN=20  value_size=4096

╔══ [1/1] client_fo  (total elapsed: 0m0s)

=== Exp: Revised Client/Server Mainline (FO only) ===
  ▸ AVL logN=24 fair    19% (204/1024) eta 233s
    39% (408/1024) eta 89s
    59% (612/1024) eta 40s
    79% (816/1024) eta 15s
    99% (1020/1024) eta 0s
 → 1539KB 106rnd  [62.8s]
  ▸ AVL logN=24 tiered_FO    19% (204/1024) eta 253s
    39% (408/1024) eta 97s
    59% (612/1024) eta 44s
    79% (816/1024) eta 17s
    99% (1020/1024) eta 0s
 → 2441KB 106rnd hit=43%  [68.3s]
  -> /root/tieredomap_runs/results/table2_client_fo_20260606_212627/client_fo.csv

=== All done in 2m22s. CSV files in: /root/tieredomap_runs/results/table2_client_fo_20260606_212627/ ===
==== 2026-06-06 23:54:04 done backend=AVL logN=24 ====

Done. CSV:
/root/tieredomap_runs/results/table2_client_fo_20260606_212627/client_fo.csv
Table 2 client/server FO run
  Q=1024 warmup=0 value_size=4096 rtt_ms=28.87
  recv_timeout=7200
  host=127.0.0.1 port=12345
  backends=BPlus
  logNs=16 20 24
  outdir=/root/tieredomap_runs/results/table2_client_fo_20260606_212627

==== 2026-06-06 23:54:04 backend=BPlus logN=16 ====
               total        used        free      shared  buff/cache   available
Mem:           121Gi       5.4Gi        37Gi       2.0Mi        78Gi       114Gi
Swap:             0B          0B          0B
Filesystem      Size  Used Avail Use% Mounted on
/dev/vda3      1008G  118G  850G  13% /
Connected to ORAM server at 127.0.0.1:12345
TieredOMap Paper Experiments
  exp=client_fo  Q=1024  s=1  n=1024  max_logN=20  value_size=4096

╔══ [1/1] client_fo  (total elapsed: 0m0s)

=== Exp: Revised Client/Server Mainline (FO only) ===
  ▸ BPlus logN=16 fair    19% (204/1024) eta 5s
    39% (408/1024) eta 2s
    59% (612/1024) eta 1s
    79% (816/1024) eta 0s
    99% (1020/1024) eta 0s
 → 1582KB 25rnd  [2.3s]
  ▸ BPlus logN=16 tiered_FO    19% (204/1024) eta 5s
    39% (408/1024) eta 2s
    59% (612/1024) eta 1s
    79% (816/1024) eta 0s
    99% (1020/1024) eta 0s
 → 2280KB 25rnd hit=66%  [2.6s]
  -> /root/tieredomap_runs/results/table2_client_fo_20260606_212627/client_fo.csv

=== All done in 0m5s. CSV files in: /root/tieredomap_runs/results/table2_client_fo_20260606_212627/ ===
==== 2026-06-06 23:54:10 done backend=BPlus logN=16 ====

==== 2026-06-06 23:54:10 backend=BPlus logN=20 ====
               total        used        free      shared  buff/cache   available
Mem:           121Gi       3.2Gi        38Gi       2.0Mi        79Gi       116Gi
Swap:             0B          0B          0B
Filesystem      Size  Used Avail Use% Mounted on
/dev/vda3      1008G  118G  850G  13% /
Connected to ORAM server at 127.0.0.1:12345
TieredOMap Paper Experiments
  exp=client_fo  Q=1024  s=1  n=1024  max_logN=20  value_size=4096

╔══ [1/1] client_fo  (total elapsed: 0m0s)

=== Exp: Revised Client/Server Mainline (FO only) ===
  ▸ BPlus logN=20 fair    19% (204/1024) eta 114s
    39% (408/1024) eta 43s
    59% (612/1024) eta 19s
    79% (816/1024) eta 7s
    99% (1020/1024) eta 0s
 → 2402KB 31rnd  [29.9s]
  ▸ BPlus logN=20 tiered_FO    19% (204/1024) eta 3s
    39% (408/1024) eta 1s
    59% (612/1024) eta 1s
    79% (816/1024) eta 0s
    99% (1020/1024) eta 0s
 → 3156KB 31rnd hit=52%  [2.4s]
  -> /root/tieredomap_runs/results/table2_client_fo_20260606_212627/client_fo.csv

=== All done in 0m33s. CSV files in: /root/tieredomap_runs/results/table2_client_fo_20260606_212627/ ===
==== 2026-06-06 23:54:43 done backend=BPlus logN=20 ====

==== 2026-06-06 23:54:43 backend=BPlus logN=24 ====
               total        used        free      shared  buff/cache   available
Mem:           121Gi       3.3Gi        31Gi       2.0Mi        86Gi       116Gi
Swap:             0B          0B          0B
Filesystem      Size  Used Avail Use% Mounted on
/dev/vda3      1008G  124G  843G  13% /
Connected to ORAM server at 127.0.0.1:12345
TieredOMap Paper Experiments
  exp=client_fo  Q=1024  s=1  n=1024  max_logN=20  value_size=4096

╔══ [1/1] client_fo  (total elapsed: 0m0s)

=== Exp: Revised Client/Server Mainline (FO only) ===
  ▸ BPlus logN=24 fair    19% (204/1024) eta 26s
    39% (408/1024) eta 10s
    59% (612/1024) eta 5s
    79% (816/1024) eta 2s
    99% (1020/1024) eta 0s
 → 3394KB 37rnd  [8.6s]
  ▸ BPlus logN=24 tiered_FO    19% (204/1024) eta 27s
    39% (408/1024) eta 11s
    59% (612/1024) eta 5s
    79% (816/1024) eta 2s
    99% (1020/1024) eta 0s
 → 4205KB 37rnd hit=43%  [9.7s]
  -> /root/tieredomap_runs/results/table2_client_fo_20260606_212627/client_fo.csv

=== All done in 0m18s. CSV files in: /root/tieredomap_runs/results/table2_client_fo_20260606_212627/ ===
==== 2026-06-06 23:55:02 done backend=BPlus logN=24 ====

Done. CSV:
/root/tieredomap_runs/results/table2_client_fo_20260606_212627/client_fo.csv
Table 2 client/server FO run
  Q=1024 warmup=0 value_size=4096 rtt_ms=28.87
  recv_timeout=7200
  host=127.0.0.1 port=12345
  backends=DaBplus
  logNs=16 20 24
  outdir=/root/tieredomap_runs/results/table2_client_fo_20260606_212627

==== 2026-06-06 23:55:03 backend=DaBplus logN=16 ====
               total        used        free      shared  buff/cache   available
Mem:           121Gi       3.3Gi        31Gi       2.0Mi        86Gi       116Gi
Swap:             0B          0B          0B
Filesystem      Size  Used Avail Use% Mounted on
/dev/vda3      1008G  124G  843G  13% /
Connected to ORAM server at 127.0.0.1:12345
TieredOMap Paper Experiments
  exp=client_fo  Q=1024  s=1  n=1024  max_logN=20  value_size=4096

╔══ [1/1] client_fo  (total elapsed: 0m0s)

=== Exp: Revised Client/Server Mainline (FO only) ===
  ▸ DaBplus logN=16 fair    19% (204/1024) eta 8s
    39% (408/1024) eta 3s
    59% (612/1024) eta 1s
    79% (816/1024) eta 0s
    99% (1020/1024) eta 0s
 → 674KB 31rnd  [3.2s]
  ▸ DaBplus logN=16 tiered_FO    19% (204/1024) eta 2s
    39% (408/1024) eta 1s
    59% (612/1024) eta 0s
    79% (816/1024) eta 0s
    99% (1020/1024) eta 0s
 → 1551KB 31rnd hit=66%  [2.1s]
  -> /root/tieredomap_runs/results/table2_client_fo_20260606_212627/client_fo.csv

=== All done in 0m5s. CSV files in: /root/tieredomap_runs/results/table2_client_fo_20260606_212627/ ===
==== 2026-06-06 23:55:08 done backend=DaBplus logN=16 ====

==== 2026-06-06 23:55:08 backend=DaBplus logN=20 ====
               total        used        free      shared  buff/cache   available
Mem:           121Gi       3.3Gi        31Gi       2.0Mi        87Gi       116Gi
Swap:             0B          0B          0B
Filesystem      Size  Used Avail Use% Mounted on
/dev/vda3      1008G  125G  843G  13% /
Connected to ORAM server at 127.0.0.1:12345
TieredOMap Paper Experiments
  exp=client_fo  Q=1024  s=1  n=1024  max_logN=20  value_size=4096

╔══ [1/1] client_fo  (total elapsed: 0m0s)

=== Exp: Revised Client/Server Mainline (FO only) ===
  ▸ DaBplus logN=20 fair    19% (204/1024) eta 16s
    39% (408/1024) eta 6s
    59% (612/1024) eta 3s
    79% (816/1024) eta 1s
    99% (1020/1024) eta 0s
 → 843KB 31rnd  [5.3s]
  ▸ DaBplus logN=20 tiered_FO    19% (204/1024) eta 16s
    39% (408/1024) eta 6s
    59% (612/1024) eta 3s
    79% (816/1024) eta 1s
    99% (1020/1024) eta 0s
 → 1839KB 31rnd hit=52%  [5.7s]
  -> /root/tieredomap_runs/results/table2_client_fo_20260606_212627/client_fo.csv

=== All done in 0m12s. CSV files in: /root/tieredomap_runs/results/table2_client_fo_20260606_212627/ ===
==== 2026-06-06 23:55:20 done backend=DaBplus logN=20 ====

==== 2026-06-06 23:55:20 backend=DaBplus logN=24 ====
               total        used        free      shared  buff/cache   available
Mem:           121Gi       3.2Gi        30Gi       2.0Mi        87Gi       116Gi
Swap:             0B          0B          0B
Filesystem      Size  Used Avail Use% Mounted on
/dev/vda3      1008G  125G  843G  13% /
Connected to ORAM server at 127.0.0.1:12345
TieredOMap Paper Experiments
  exp=client_fo  Q=1024  s=1  n=1024  max_logN=20  value_size=4096

╔══ [1/1] client_fo  (total elapsed: 0m0s)

=== Exp: Revised Client/Server Mainline (FO only) ===
  ▸ DaBplus logN=24 fair    19% (204/1024) eta 303s
    39% (408/1024) eta 114s
    59% (612/1024) eta 51s
    79% (816/1024) eta 19s
    99% (1020/1024) eta 0s
 → 1027KB 32rnd  [77.0s]
  ▸ DaBplus logN=24 tiered_FO    19% (204/1024) eta 294s
    39% (408/1024) eta 111s
    59% (612/1024) eta 50s
    79% (816/1024) eta 19s
    99% (1020/1024) eta 0s
 → 2128KB 32rnd hit=43%  [75.5s]
  -> /root/tieredomap_runs/results/table2_client_fo_20260606_212627/client_fo.csv

=== All done in 2m57s. CSV files in: /root/tieredomap_runs/results/table2_client_fo_20260606_212627/ ===
==== 2026-06-06 23:58:18 done backend=DaBplus logN=24 ====

Done. CSV:
/root/tieredomap_runs/results/table2_client_fo_20260606_212627/client_fo.csv
