Table 2 client/server FO run
  Q=1024 warmup=0 value_size=4096 rtt_ms=28.87
  host=127.0.0.1 port=12345
  backends=AVL BPlus DaBplus
  logNs=16 20 24
  outdir=/root/tieredomap_runs/results/table2_client_fo_20260606_212627

==== 2026-06-06 21:26:27 backend=AVL logN=16 ====
               total        used        free      shared  buff/cache   available
Mem:           121Gi       1.7Gi       117Gi       2.0Mi       1.7Gi       118Gi
Swap:             0B          0B          0B
Filesystem      Size  Used Avail Use% Mounted on
/dev/vda3      1008G  3.8G  963G   1% /
Connected to ORAM server at 127.0.0.1:12345
TieredOMap Paper Experiments
  exp=client_fo  Q=1024  s=1  n=1024  max_logN=20  value_size=4096

╔══ [1/1] client_fo  (total elapsed: 0m0s)

=== Exp: Revised Client/Server Mainline (FO only) ===
  ▸ AVL logN=16 fair    19% (204/1024) eta 9s
    39% (408/1024) eta 4s
    59% (612/1024) eta 2s
    79% (816/1024) eta 1s
    99% (1020/1024) eta 0s
 → 889KB 73rnd  [4.9s]
  ▸ AVL logN=16 tiered_FO    19% (204/1024) eta 9s
    39% (408/1024) eta 4s
    59% (612/1024) eta 2s
    79% (816/1024) eta 1s
    99% (1020/1024) eta 0s
 → 1556KB 73rnd hit=66%  [5.6s]
  -> /root/tieredomap_runs/results/table2_client_fo_20260606_212627/client_fo.csv

=== All done in 0m11s. CSV files in: /root/tieredomap_runs/results/table2_client_fo_20260606_212627/ ===
==== 2026-06-06 21:26:39 done backend=AVL logN=16 ====

==== 2026-06-06 21:26:39 backend=AVL logN=20 ====
               total        used        free      shared  buff/cache   available
Mem:           121Gi       1.8Gi       117Gi       2.0Mi       2.2Gi       118Gi
Swap:             0B          0B          0B
Filesystem      Size  Used Avail Use% Mounted on
/dev/vda3      1008G  4.3G  963G   1% /
Connected to ORAM server at 127.0.0.1:12345
TieredOMap Paper Experiments
  exp=client_fo  Q=1024  s=1  n=1024  max_logN=20  value_size=4096

╔══ [1/1] client_fo  (total elapsed: 0m0s)

=== Exp: Revised Client/Server Mainline (FO only) ===
  ▸ AVL logN=20 fair    19% (204/1024) eta 118s
    39% (408/1024) eta 45s
    59% (612/1024) eta 20s
    79% (816/1024) eta 8s
    99% (1020/1024) eta 0s
 → 1187KB 88rnd  [32.7s]
  ▸ AVL logN=20 tiered_FO    19% (204/1024) eta 121s
    39% (408/1024) eta 46s
    59% (612/1024) eta 21s
    79% (816/1024) eta 8s
    99% (1020/1024) eta 0s
 → 1971KB 88rnd hit=52%  [34.1s]
  -> /root/tieredomap_runs/results/table2_client_fo_20260606_212627/client_fo.csv

=== All done in 1m12s. CSV files in: /root/tieredomap_runs/results/table2_client_fo_20260606_212627/ ===
==== 2026-06-06 21:27:51 done backend=AVL logN=20 ====

==== 2026-06-06 21:27:51 backend=AVL logN=24 ====
               total        used        free      shared  buff/cache   available
Mem:           121Gi       2.4Gi       108Gi       2.0Mi        10Gi       117Gi
Swap:             0B          0B          0B
Filesystem      Size  Used Avail Use% Mounted on
/dev/vda3      1008G   13G  954G   2% /
Connected to ORAM server at 127.0.0.1:12345
TieredOMap Paper Experiments
  exp=client_fo  Q=1024  s=1  n=1024  max_logN=20  value_size=4096

╔══ [1/1] client_fo  (total elapsed: 0m0s)

=== Exp: Revised Client/Server Mainline (FO only) ===
  ▸ AVL logN=24 fairterminate called after throwing an instance of 'std::runtime_error'
  what():  TcpChannel::recv_raw: error
scripts/run_table2_client_fo_remote.sh: line 32: 10382 Aborted                 (core dumped) "$BUILD_DIR/bench_paper" --exp=client_fo --Q="$Q" --warmup="$WARMUP" --logNs="$logN" --backend="$backend" --value_size="$VALUE_SIZE" --client_fo_standalone=0 --rtt_ms="$RTT_MS" --outdir="$OUTDIR" --host="$HOST" --port="$PORT"
